producer_class	xtools.gsea.Gsea
producer_timestamp	1750959365081
param	zip_report	false
param	num	100
param	scoring_scheme	weighted
param	norm	meandiv
param	out	/Users/krzysztofmrozik/Desktop/coding_challange/nf_streamlit_small_app/differentialabundance/work/42/d12e5db0289718e06aa7058ff3a358/.
param	mode	Max_probe
param	include_only_symbols	true
param	set_max	500
param	gmx	Condition_genotype_WT_KO.mh.all.v2022.1.Mm.symbols.mh.all.v2022.1.Mm.symbols.gmt
param	plot_top_x	20
param	nperm	1000
param	order	descending
param	rnd_seed	timestamp
param	rpt_label	Condition_genotype_WT_KO.mh.all.v2022.1.Mm.symbols
param	set_min	15
param	res	/Users/krzysztofmrozik/Desktop/coding_challange/nf_streamlit_small_app/differentialabundance/work/42/d12e5db0289718e06aa7058ff3a358/Condition_genotype_WT_KO.mh.all.v2022.1.Mm.symbols.Condition_treatment_Control_Treated.gct
param	chip	Condition_genotype_WT_KO.mh.all.v2022.1.Mm.symbols.Mus_musculus.anno.feature_metadata.chip
param	create_svgs	false
param	cls	Condition_genotype_WT_KO.mh.all.v2022.1.Mm.symbols.Condition_genotype_WT_KO.cls#KO_versus_WT
param	sort	real
param	create_gcts	false
param	help	false
param	save_rnd_lists	false
param	median	false
param	metric	Signal2Noise
param	make_sets	true
param	rnd_type	no_balance
param	gui	false
param	permute	phenotype
param	collapse	Collapse

file	./Condition_genotype_WT_KO.mh.all.v2022.1.Mm.symbols.Gsea/Condition_genotype_WT_KO.mh.all.v2022.1.Mm.symbols.index.html
